"2020-02-24 09:16:32.860 +0800 [pharmacy-api][PRO][ERROR] from com.xingren.pharmacy.main.service.DrugService in http-nio-3000-exec-3 - [Unknown]{} skuId 为440813的药品在商品库不存在 ",
"2020-02-24 08:18:59.568 +0800 [pharmacy-api][PRO][ERROR] from org.springframework.aop.interceptor.SimpleAsyncUncaughtExceptionHandler in xr-async-long-19 - Unexpected exception occurred invoking async method: public void com.xingren.pharmacy.main.service.RecommendMsgService.sendToYifengAfterPaid(com.xingren.pharmacy.main.data.dto.recommend.RecommendMsgDTO,com.xingren.pharmacy.model.enums.FromType)",
"com.xingren.common.exceptions.DomainException: 患者11294613小程序openId不存在",
"	at com.xingren.pharmacy.main.service.RecommendMsgService.lambda$doSendToPatientAfterPaid$1(RecommendMsgService.java:263)",
"	at java.util.Optional.orElseThrow(Optional.java:290)",
"	at com.xingren.pharmacy.main.service.RecommendMsgService.doSendToPatientAfterPaid(RecommendMsgService.java:262)",
"	at com.xingren.pharmacy.main.service.RecommendMsgService.doSendToYifengAfterPaid(RecommendMsgService.java:220)",
"	at com.xingren.pharmacy.main.service.RecommendMsgService.sendToYifengAfterPaid(RecommendMsgService.java:200)",
"	at com.xingren.pharmacy.main.service.RecommendMsgService$$FastClassBySpringCGLIB$$e09fd733.invoke(<generated>)",
"	at org.springframework.cglib.proxy.MethodProxy.invoke(MethodProxy.java:218)",
"	at org.springframework.aop.framework.CglibAopProxy$CglibMethodInvocation.invokeJoinpoint(CglibAopProxy.java:749)",
"	at org.springframework.aop.framework.ReflectiveMethodInvocation.proceed(ReflectiveMethodInvocation.java:163)",
"	at org.springframework.aop.interceptor.AsyncExecutionInterceptor.lambda$invoke$0(AsyncExecutionInterceptor.java:115)",
"	at java.util.concurrent.FutureTask.run(FutureTask.java:266)",
"	at java.util.concurrent.ThreadPoolExecutor.runWorker(ThreadPoolExecutor.java:1142)",
"	at java.util.concurrent.ThreadPoolExecutor$Worker.run(ThreadPoolExecutor.java:617)",
"	at java.lang.Thread.run(Thread.java:748)",
"2020-02-24 08:52:25.492 +0800 [pharmacy-api][PRO][ERROR] from org.springframework.aop.interceptor.SimpleAsyncUncaughtExceptionHandler in xr-async-long-7 - Unexpected exception occurred invoking async method: public void com.xingren.pharmacy.main.service.RecommendMsgService.sendToPatientAfterCreated(com.xingren.pharmacy.main.data.dto.recommend.RecommendMsgDTO)",
"com.xingren.common.exceptions.DomainException: 患者204343064小程序openId不存在",
"	at com.xingren.pharmacy.main.service.RecommendMsgService.lambda$doSendCreatedWxMsgToPatient$6(RecommendMsgService.java:428)",
"	at java.util.Optional.orElseThrow(Optional.java:290)",
"	at com.xingren.pharmacy.main.service.RecommendMsgService.doSendCreatedWxMsgToPatient(RecommendMsgService.java:427)",
"	at com.xingren.pharmacy.main.service.RecommendMsgService.sendToPatientAfterCreated(RecommendMsgService.java:128)",
"	at com.xingren.pharmacy.main.service.RecommendMsgService$$FastClassBySpringCGLIB$$e09fd733.invoke(<generated>)",
"	at org.springframework.cglib.proxy.MethodProxy.invoke(MethodProxy.java:218)",
"	at org.springframework.aop.framework.CglibAopProxy$CglibMethodInvocation.invokeJoinpoint(CglibAopProxy.java:749)",
"	at org.springframework.aop.framework.ReflectiveMethodInvocation.proceed(ReflectiveMethodInvocation.java:163)",
"	at org.springframework.aop.interceptor.AsyncExecutionInterceptor.lambda$invoke$0(AsyncExecutionInterceptor.java:115)",
"	at java.util.concurrent.FutureTask.run(FutureTask.java:266)",
"	at java.util.concurrent.ThreadPoolExecutor.runWorker(ThreadPoolExecutor.java:1142)",
"	at java.util.concurrent.ThreadPoolExecutor$Worker.run(ThreadPoolExecutor.java:617)",
"	at java.lang.Thread.run(Thread.java:748)",
"2020-02-24 09:16:32.860 +0800 [pharmacy-api][PRO][ERROR] from com.xingren.pharmacy.main.service.DrugService in http-nio-3000-exec-3 - [Unknown]{} skuId 为440816的药品在商品库不存在 ",